// Vitest Snapshot v1, https://vitest.dev/guide/snapshot.html

exports[`SearchBar > handleClick updates isLabelClicked state correctly 1`] = `
<div>
  <div
    class="_container_528985"
  >
    <div
      class="_search_528985"
    >
      <div
        class="_icon_528985"
      >
        <svg
          fill="currentColor"
          height="1em"
          stroke="currentColor"
          stroke-width="0"
          viewBox="0 0 24 24"
          width="1em"
          xmlns="http://www.w3.org/2000/svg"
        >
          <path
            d="M10.25 2a8.25 8.25 0 0 1 6.34 13.53l5.69 5.69a.749.749 0 0 1-.326 1.275.749.749 0 0 1-.734-.215l-5.69-5.69A8.25 8.25 0 1 1 10.25 2ZM3.5 10.25a6.75 6.75 0 1 0 13.5 0 6.75 6.75 0 0 0-13.5 0Z"
          />
        </svg>
        <p
          class="_label_528985 "
          data-testid=""
        >
          What
        </p>
      </div>
      <div
        class="_separator_528985"
      />
      <div
        class="_icon_528985"
      >
        <svg
          fill="currentColor"
          height="1em"
          stroke="currentColor"
          stroke-width="0"
          viewBox="0 0 512 512"
          width="1em"
          xmlns="http://www.w3.org/2000/svg"
        >
          <path
            d="M256 48c-79.5 0-144 61.39-144 137 0 87 96 224.87 131.25 272.49a15.77 15.77 0 0 0 25.5 0C304 409.89 400 272.07 400 185c0-75.61-64.5-137-144-137z"
            fill="none"
            stroke-linecap="round"
            stroke-linejoin="round"
            stroke-width="32"
          />
          <circle
            cx="256"
            cy="192"
            fill="none"
            r="48"
            stroke-linecap="round"
            stroke-linejoin="round"
            stroke-width="32"
          />
        </svg>
        <p
          class="_label_528985 "
          data-testid=""
        >
          Where
        </p>
      </div>
      <div
        class="_separator_528985"
      />
      <div
        class="_icon_528985"
      >
        <svg
          fill="currentColor"
          height="1em"
          stroke="currentColor"
          stroke-width="0"
          viewBox="0 0 24 24"
          width="1em"
          xmlns="http://www.w3.org/2000/svg"
        >
          <path
            d="M6.75 0a.75.75 0 0 1 .75.75V3h9V.75a.75.75 0 0 1 1.5 0V3h2.75c.966 0 1.75.784 1.75 1.75v16a1.75 1.75 0 0 1-1.75 1.75H3.25a1.75 1.75 0 0 1-1.75-1.75v-16C1.5 3.784 2.284 3 3.25 3H6V.75A.75.75 0 0 1 6.75 0ZM21 9.5H3v11.25c0 .138.112.25.25.25h17.5a.25.25 0 0 0 .25-.25Zm-17.75-5a.25.25 0 0 0-.25.25V8h18V4.75a.25.25 0 0 0-.25-.25Z"
          />
        </svg>
        <p
          class="_label_528985 "
          data-testid=""
        >
          When
        </p>
      </div>
    </div>
    <div
      class="_icon_528985"
    >
      <svg
        aria-hidden="true"
        fill="currentColor"
        height="1em"
        stroke="currentColor"
        stroke-width="0"
        viewBox="0 0 24 24"
        width="1em"
        xmlns="http://www.w3.org/2000/svg"
      >
        <path
          d="M18.75 12.75h1.5a.75.75 0 0 0 0-1.5h-1.5a.75.75 0 0 0 0 1.5ZM12 6a.75.75 0 0 1 .75-.75h7.5a.75.75 0 0 1 0 1.5h-7.5A.75.75 0 0 1 12 6ZM12 18a.75.75 0 0 1 .75-.75h7.5a.75.75 0 0 1 0 1.5h-7.5A.75.75 0 0 1 12 18ZM3.75 6.75h1.5a.75.75 0 1 0 0-1.5h-1.5a.75.75 0 0 0 0 1.5ZM5.25 18.75h-1.5a.75.75 0 0 1 0-1.5h1.5a.75.75 0 0 1 0 1.5ZM3 12a.75.75 0 0 1 .75-.75h7.5a.75.75 0 0 1 0 1.5h-7.5A.75.75 0 0 1 3 12ZM9 3.75a2.25 2.25 0 1 0 0 4.5 2.25 2.25 0 0 0 0-4.5ZM12.75 12a2.25 2.25 0 1 1 4.5 0 2.25 2.25 0 0 1-4.5 0ZM9 15.75a2.25 2.25 0 1 0 0 4.5 2.25 2.25 0 0 0 0-4.5Z"
        />
      </svg>
    </div>
  </div>
</div>
`;
